VERIFIER GUARD TEST — SYNTHETIC TEMPORARY GIT REPOSITORY, NOT USER CHECKOUT
head: passed
worktree-status: passed
submodules: passed
swift-version: passed

Verified exit=2; original make/Xcode/VM commands not attempted.
{
  "phase": "post",
  "repo": "/tmp/vphone-verifier-guard-ctcocado/repo",
  "base_commit": "bc3bfa83ee8d3397e1caa08ce580e24407de17cd",
  "upstream_commit": "9d218dedf58d4b19db5e51c8b584c1f14a96eee3",
  "platform": "Linux-6.18.44-x86_64-with-glibc2.41",
  "checks": [
    {
      "command": [
        "git",
        "rev-parse",
        "HEAD"
      ],
      "started_at": "2026-09-26T02:42:45.812321+00:00",
      "log": "head.log",
      "exit_code": 0,
      "status": "passed",
      "finished_at": "2026-09-26T02:42:45.815879+00:00",
      "name": "head"
    },
    {
      "command": [
        "git",
        "status",
        "--short"
      ],
      "started_at": "2026-09-26T02:42:45.816047+00:00",
      "log": "worktree-status.log",
      "exit_code": 0,
      "status": "passed",
      "finished_at": "2026-09-26T02:42:45.819480+00:00",
      "name": "worktree-status"
    },
    {
      "command": [
        "git",
        "submodule",
        "status"
      ],
      "started_at": "2026-09-26T02:42:45.819618+00:00",
      "log": "submodules.log",
      "exit_code": 0,
      "status": "passed",
      "finished_at": "2026-09-26T02:42:45.851406+00:00",
      "name": "submodules"
    },
    {
      "command": [
        "swift",
        "--version"
      ],
      "started_at": "2026-09-26T02:42:45.851592+00:00",
      "log": "swift-version.log",
      "exit_code": 0,
      "status": "passed",
      "finished_at": "2026-09-26T02:42:45.915402+00:00",
      "name": "swift-version"
    }
  ],
  "vm_acceptance": "not_run",
  "variant_and_camera_abi_review": "not_run",
  "complete_vm_backup": "not_run",
  "note": "Command results only. Not a full P0/P1c sign-off; VM and manual reviews remain separate.",
  "blocked_reason": "Not macOS; original project/Virtualization/Xcode checks were NOT run."
}
